// Jest Snapshot v1, https://goo.gl/fbAQLP

exports[`SplitScreen component renders left and right components 1`] = `
<div>
  <div
    class="sc-bczRLJ emMGHK"
  >
    <div
      class="sc-gsnTZi AoLXC"
    >
      <p>
        left
      </p>
    </div>
    <div
      class="sc-gsnTZi Apofc"
    >
      <p>
        right
      </p>
    </div>
  </div>
</div>
`;
