// Jest Snapshot v1, https://goo.gl/fbAQLP

exports[`SplitScreen component renders left and right components 1`] = `
<div>
  <div
    class="sc-bdvvtL jxnajB"
  >
    <div
      class="sc-gsDKAQ eSVvJK"
    >
      <p>
        left
      </p>
    </div>
    <div
      class="sc-gsDKAQ eSVXRk"
    >
      <p>
        right
      </p>
    </div>
  </div>
</div>
`;
